pytest ./websn1ffer.py 
=================================================== test session starts ====================================================
platform linux -- Python 3.13.7, pytest-8.3.5, pluggy-1.5.0
rootdir: /home/havochunter/Desktop/New00
plugins: anyio-4.8.0
collected 0 items                                                                                                          

================================================== no tests ran in 0.31s ===================================================